[2025-10-31 20:13:30,150] INFO [GroupCoordinator 0]: Member sr-1-9ef185ed-1cc3-497d-80dc-10a965c52210 in group karapace-autogenerated-7a5fea57f7df has failed, removing it from the group (kafka.coordinator.group.GroupCoordinator)
[2025-10-31 20:13:30,151] INFO [GroupCoordinator 0]: Stabilized group karapace-autogenerated-7a5fea57f7df generation 61 (__consumer_offsets-48) with 1 members (kafka.coordinator.group.GroupCoordinator)
[2025-10-31 20:13:30,152] INFO [GroupCoordinator 0]: Assignment received from leader sr-1-442ea5e3-135b-4456-b099-f29b56c27dbe for group karapace-autogenerated-7a5fea57f7df for generation 61. The group has 1 members, 0 of which are static. (kafka.coordinator.group.GroupCoordinator)
[2025-10-31 20:14:00,574] INFO [GroupCoordinator 0]: Dynamic member with unknown member id joins group karapace-autogenerated-7a5fea57f7df in Stable state. Created a new member id sr-1-89c8d039-5298-42d2-9f05-3f3820aea05f and request the member to rejoin with this id. (kafka.coordinator.group.GroupCoordinator)
[2025-10-31 20:14:00,575] INFO [GroupCoordinator 0]: Preparing to rebalance group karapace-autogenerated-7a5fea57f7df in state PreparingRebalance with old generation 61 (__consumer_offsets-48) (reason: Adding new member sr-1-89c8d039-5298-42d2-9f05-3f3820aea05f with group instance id None; client reason: not provided) (kafka.coordinator.group.GroupCoordinator)
[2025-10-31 20:14:08,227] INFO [GroupCoordinator 0]: Member sr-1-442ea5e3-135b-4456-b099-f29b56c27dbe in group karapace-autogenerated-7a5fea57f7df has failed, removing it from the group (kafka.coordinator.group.GroupCoordinator)
[2025-10-31 20:14:08,228] INFO [GroupCoordinator 0]: Stabilized group karapace-autogenerated-7a5fea57f7df generation 62 (__consumer_offsets-48) with 1 members (kafka.coordinator.group.GroupCoordinator)
[2025-10-31 20:14:08,228] INFO [GroupCoordinator 0]: Assignment received from leader sr-1-89c8d039-5298-42d2-9f05-3f3820aea05f for group karapace-autogenerated-7a5fea57f7df for generation 62. The group has 1 members, 0 of which are static. (kafka.coordinator.group.GroupCoordinator)
[2025-10-31 20:38:46,837] INFO [GroupCoordinator 0]: Dynamic member with unknown member id joins group karapace-autogenerated-7a5fea57f7df in Stable state. Created a new member id sr-1-daadc696-2821-45ac-b356-f26b7f0a8c86 and request the member to rejoin with this id. (kafka.coordinator.group.GroupCoordinator)
[2025-10-31 20:38:46,838] INFO [GroupCoordinator 0]: Preparing to rebalance group karapace-autogenerated-7a5fea57f7df in state PreparingRebalance with old generation 62 (__consumer_offsets-48) (reason: Adding new member sr-1-daadc696-2821-45ac-b356-f26b7f0a8c86 with group instance id None; client reason: not provided) (kafka.coordinator.group.GroupCoordinator)
[2025-10-31 20:38:54,047] INFO [GroupCoordinator 0]: Member sr-1-89c8d039-5298-42d2-9f05-3f3820aea05f in group karapace-autogenerated-7a5fea57f7df has failed, removing it from the group (kafka.coordinator.group.GroupCoordinator)
[2025-10-31 20:38:54,048] INFO [GroupCoordinator 0]: Stabilized group karapace-autogenerated-7a5fea57f7df generation 63 (__consumer_offsets-48) with 1 members (kafka.coordinator.group.GroupCoordinator)
[2025-10-31 20:38:54,050] INFO [GroupCoordinator 0]: Assignment received from leader sr-1-daadc696-2821-45ac-b356-f26b7f0a8c86 for group karapace-autogenerated-7a5fea57f7df for generation 63. The group has 1 members, 0 of which are static. (kafka.coordinator.group.GroupCoordinator)
[2025-10-31 20:43:41,858] INFO [GroupCoordinator 0]: Member sr-1-daadc696-2821-45ac-b356-f26b7f0a8c86 in group karapace-autogenerated-7a5fea57f7df has failed, removing it from the group (kafka.coordinator.group.GroupCoordinator)
[2025-10-31 20:43:41,859] INFO [GroupCoordinator 0]: Preparing to rebalance group karapace-autogenerated-7a5fea57f7df in state PreparingRebalance with old generation 63 (__consumer_offsets-48) (reason: removing member sr-1-daadc696-2821-45ac-b356-f26b7f0a8c86 on heartbeat expiration) (kafka.coordinator.group.GroupCoordinator)
[2025-10-31 20:43:41,860] INFO [GroupCoordinator 0]: Group karapace-autogenerated-7a5fea57f7df with generation 64 is now empty (__consumer_offsets-48) (kafka.coordinator.group.GroupCoordinator)
[2025-10-31 20:43:43,374] INFO [GroupCoordinator 0]: Member sr-1-3c1f8a8a-2721-4539-bb48-dfc721a87c47 in group schema-registry has failed, removing it from the group (kafka.coordinator.group.GroupCoordinator)
[2025-10-31 20:43:43,375] INFO [GroupCoordinator 0]: Preparing to rebalance group schema-registry in state PreparingRebalance with old generation 13 (__consumer_offsets-29) (reason: removing member sr-1-3c1f8a8a-2721-4539-bb48-dfc721a87c47 on heartbeat expiration) (kafka.coordinator.group.GroupCoordinator)
[2025-10-31 20:43:43,375] INFO [GroupCoordinator 0]: Group schema-registry with generation 14 is now empty (__consumer_offsets-29) (kafka.coordinator.group.GroupCoordinator)
[2025-10-31 20:43:47,384] INFO Terminating process due to signal SIGTERM (org.apache.kafka.common.utils.LoggingSignalHandler)
[2025-10-31 20:43:47,393] INFO [KafkaServer id=0] shutting down (kafka.server.KafkaServer)
[2025-10-31 20:43:47,396] INFO [KafkaServer id=0] Starting controlled shutdown (kafka.server.KafkaServer)
[2025-10-31 20:43:47,479] INFO [KafkaServer id=0] Controlled shutdown request returned successfully after 36ms (kafka.server.KafkaServer)
[2025-10-31 20:43:47,494] INFO [/config/changes-event-process-thread]: Shutting down (kafka.common.ZkNodeChangeNotificationListener$ChangeEventProcessThread)
[2025-10-31 20:43:47,495] INFO [/config/changes-event-process-thread]: Stopped (kafka.common.ZkNodeChangeNotificationListener$ChangeEventProcessThread)
[2025-10-31 20:43:47,495] INFO [/config/changes-event-process-thread]: Shutdown completed (kafka.common.ZkNodeChangeNotificationListener$ChangeEventProcessThread)
[2025-10-31 20:43:47,497] INFO [SocketServer listenerType=ZK_BROKER, nodeId=0] Stopping socket server request processors (kafka.network.SocketServer)
[2025-10-31 20:43:47,537] INFO [SocketServer listenerType=ZK_BROKER, nodeId=0] Stopped socket server request processors (kafka.network.SocketServer)
[2025-10-31 20:43:47,539] INFO [data-plane Kafka Request Handler on Broker 0], shutting down (kafka.server.KafkaRequestHandlerPool)
[2025-10-31 20:43:47,550] INFO [data-plane Kafka Request Handler on Broker 0], shut down completely (kafka.server.KafkaRequestHandlerPool)
[2025-10-31 20:43:47,558] INFO [ExpirationReaper-0-AlterAcls]: Shutting down (kafka.server.DelayedOperationPurgatory$ExpiredOperationReaper)
[2025-10-31 20:43:47,559] INFO [ExpirationReaper-0-AlterAcls]: Stopped (kafka.server.DelayedOperationPurgatory$ExpiredOperationReaper)
[2025-10-31 20:43:47,560] INFO [ExpirationReaper-0-AlterAcls]: Shutdown completed (kafka.server.DelayedOperationPurgatory$ExpiredOperationReaper)
[2025-10-31 20:43:47,562] INFO [KafkaApi-0] Shutdown complete. (kafka.server.KafkaApis)
[2025-10-31 20:43:47,564] INFO [ExpirationReaper-0-topic]: Shutting down (kafka.server.DelayedOperationPurgatory$ExpiredOperationReaper)
[2025-10-31 20:43:47,565] INFO [ExpirationReaper-0-topic]: Stopped (kafka.server.DelayedOperationPurgatory$ExpiredOperationReaper)
[2025-10-31 20:43:47,566] INFO [ExpirationReaper-0-topic]: Shutdown completed (kafka.server.DelayedOperationPurgatory$ExpiredOperationReaper)
[2025-10-31 20:43:47,569] INFO [TransactionCoordinator id=0] Shutting down. (kafka.coordinator.transaction.TransactionCoordinator)
[2025-10-31 20:43:47,571] INFO [Transaction State Manager 0]: Shutdown complete (kafka.coordinator.transaction.TransactionStateManager)
[2025-10-31 20:43:47,571] INFO [TxnMarkerSenderThread-0]: Shutting down (kafka.coordinator.transaction.TransactionMarkerChannelManager)
[2025-10-31 20:43:47,572] INFO [TxnMarkerSenderThread-0]: Stopped (kafka.coordinator.transaction.TransactionMarkerChannelManager)
[2025-10-31 20:43:47,572] INFO [TxnMarkerSenderThread-0]: Shutdown completed (kafka.coordinator.transaction.TransactionMarkerChannelManager)
[2025-10-31 20:43:47,574] INFO [TransactionCoordinator id=0] Shutdown complete. (kafka.coordinator.transaction.TransactionCoordinator)
[2025-10-31 20:43:47,575] INFO [GroupCoordinator 0]: Shutting down. (kafka.coordinator.group.GroupCoordinator)
[2025-10-31 20:43:47,577] INFO [ExpirationReaper-0-Heartbeat]: Shutting down (kafka.server.DelayedOperationPurgatory$ExpiredOperationReaper)
[2025-10-31 20:43:47,577] INFO [ExpirationReaper-0-Heartbeat]: Stopped (kafka.server.DelayedOperationPurgatory$ExpiredOperationReaper)
[2025-10-31 20:43:47,577] INFO [ExpirationReaper-0-Heartbeat]: Shutdown completed (kafka.server.DelayedOperationPurgatory$ExpiredOperationReaper)
[2025-10-31 20:43:47,578] INFO [ExpirationReaper-0-Rebalance]: Shutting down (kafka.server.DelayedOperationPurgatory$ExpiredOperationReaper)
[2025-10-31 20:43:47,578] INFO [ExpirationReaper-0-Rebalance]: Stopped (kafka.server.DelayedOperationPurgatory$ExpiredOperationReaper)
[2025-10-31 20:43:47,578] INFO [ExpirationReaper-0-Rebalance]: Shutdown completed (kafka.server.DelayedOperationPurgatory$ExpiredOperationReaper)
[2025-10-31 20:43:47,580] INFO [GroupCoordinator 0]: Shutdown complete. (kafka.coordinator.group.GroupCoordinator)
[2025-10-31 20:43:47,581] INFO [ReplicaManager broker=0] Shutting down (kafka.server.ReplicaManager)
[2025-10-31 20:43:47,582] INFO [LogDirFailureHandler]: Shutting down (kafka.server.ReplicaManager$LogDirFailureHandler)
[2025-10-31 20:43:47,583] INFO [LogDirFailureHandler]: Stopped (kafka.server.ReplicaManager$LogDirFailureHandler)
[2025-10-31 20:43:47,583] INFO [LogDirFailureHandler]: Shutdown completed (kafka.server.ReplicaManager$LogDirFailureHandler)
[2025-10-31 20:43:47,584] INFO [ReplicaFetcherManager on broker 0] shutting down (kafka.server.ReplicaFetcherManager)
[2025-10-31 20:43:47,586] INFO [ReplicaFetcherManager on broker 0] shutdown completed (kafka.server.ReplicaFetcherManager)
[2025-10-31 20:43:47,587] INFO [ReplicaAlterLogDirsManager on broker 0] shutting down (kafka.server.ReplicaAlterLogDirsManager)
[2025-10-31 20:43:47,587] INFO [ReplicaAlterLogDirsManager on broker 0] shutdown completed (kafka.server.ReplicaAlterLogDirsManager)
[2025-10-31 20:43:47,587] INFO [ExpirationReaper-0-Fetch]: Shutting down (kafka.server.DelayedOperationPurgatory$ExpiredOperationReaper)
[2025-10-31 20:43:47,588] INFO [ExpirationReaper-0-Fetch]: Stopped (kafka.server.DelayedOperationPurgatory$ExpiredOperationReaper)
[2025-10-31 20:43:47,588] INFO [ExpirationReaper-0-Fetch]: Shutdown completed (kafka.server.DelayedOperationPurgatory$ExpiredOperationReaper)
[2025-10-31 20:43:47,589] INFO [ExpirationReaper-0-RemoteFetch]: Shutting down (kafka.server.DelayedOperationPurgatory$ExpiredOperationReaper)
[2025-10-31 20:43:47,589] INFO [ExpirationReaper-0-RemoteFetch]: Stopped (kafka.server.DelayedOperationPurgatory$ExpiredOperationReaper)
[2025-10-31 20:43:47,589] INFO [ExpirationReaper-0-RemoteFetch]: Shutdown completed (kafka.server.DelayedOperationPurgatory$ExpiredOperationReaper)
[2025-10-31 20:43:47,590] INFO [ExpirationReaper-0-Produce]: Shutting down (kafka.server.DelayedOperationPurgatory$ExpiredOperationReaper)
[2025-10-31 20:43:47,591] INFO [ExpirationReaper-0-Produce]: Stopped (kafka.server.DelayedOperationPurgatory$ExpiredOperationReaper)
[2025-10-31 20:43:47,591] INFO [ExpirationReaper-0-Produce]: Shutdown completed (kafka.server.DelayedOperationPurgatory$ExpiredOperationReaper)
[2025-10-31 20:43:47,591] INFO [ExpirationReaper-0-DeleteRecords]: Shutting down (kafka.server.DelayedOperationPurgatory$ExpiredOperationReaper)
[2025-10-31 20:43:47,592] INFO [ExpirationReaper-0-DeleteRecords]: Stopped (kafka.server.DelayedOperationPurgatory$ExpiredOperationReaper)
[2025-10-31 20:43:47,592] INFO [ExpirationReaper-0-DeleteRecords]: Shutdown completed (kafka.server.DelayedOperationPurgatory$ExpiredOperationReaper)
[2025-10-31 20:43:47,592] INFO [ExpirationReaper-0-ElectLeader]: Shutting down (kafka.server.DelayedOperationPurgatory$ExpiredOperationReaper)
[2025-10-31 20:43:47,593] INFO [ExpirationReaper-0-ElectLeader]: Stopped (kafka.server.DelayedOperationPurgatory$ExpiredOperationReaper)
[2025-10-31 20:43:47,593] INFO [ExpirationReaper-0-ElectLeader]: Shutdown completed (kafka.server.DelayedOperationPurgatory$ExpiredOperationReaper)
[2025-10-31 20:43:47,623] INFO [AddPartitionsToTxnSenderThread-0]: Shutting down (kafka.server.AddPartitionsToTxnManager)
[2025-10-31 20:43:47,624] INFO [AddPartitionsToTxnSenderThread-0]: Stopped (kafka.server.AddPartitionsToTxnManager)
[2025-10-31 20:43:47,624] INFO [AddPartitionsToTxnSenderThread-0]: Shutdown completed (kafka.server.AddPartitionsToTxnManager)
[2025-10-31 20:43:47,625] INFO [ReplicaManager broker=0] Shut down completely (kafka.server.ReplicaManager)
[2025-10-31 20:43:47,626] INFO [zk-broker-0-to-controller-alter-partition-channel-manager]: Shutting down (kafka.server.NodeToControllerRequestThread)
[2025-10-31 20:43:47,627] INFO [zk-broker-0-to-controller-alter-partition-channel-manager]: Shutdown completed (kafka.server.NodeToControllerRequestThread)
[2025-10-31 20:43:47,627] INFO [zk-broker-0-to-controller-alter-partition-channel-manager]: Stopped (kafka.server.NodeToControllerRequestThread)
[2025-10-31 20:43:47,631] INFO Node to controller channel manager for alter-partition shutdown (kafka.server.NodeToControllerChannelManagerImpl)
[2025-10-31 20:43:47,632] INFO [zk-broker-0-to-controller-forwarding-channel-manager]: Shutting down (kafka.server.NodeToControllerRequestThread)
[2025-10-31 20:43:47,632] INFO [zk-broker-0-to-controller-forwarding-channel-manager]: Stopped (kafka.server.NodeToControllerRequestThread)
[2025-10-31 20:43:47,632] INFO [zk-broker-0-to-controller-forwarding-channel-manager]: Shutdown completed (kafka.server.NodeToControllerRequestThread)
[2025-10-31 20:43:47,632] INFO Node to controller channel manager for forwarding shutdown (kafka.server.NodeToControllerChannelManagerImpl)
[2025-10-31 20:43:47,633] INFO Shutting down. (kafka.log.LogManager)
[2025-10-31 20:43:47,639] INFO [kafka-log-cleaner-thread-0]: Shutting down (kafka.log.LogCleaner$CleanerThread)
[2025-10-31 20:43:47,639] INFO [kafka-log-cleaner-thread-0]: Stopped (kafka.log.LogCleaner$CleanerThread)
[2025-10-31 20:43:47,640] INFO [kafka-log-cleaner-thread-0]: Shutdown completed (kafka.log.LogCleaner$CleanerThread)
[2025-10-31 20:43:47,709] INFO [ProducerStateManager partition=testtopic-0] Wrote producer snapshot at offset 11 with 0 producer ids in 30 ms. (org.apache.kafka.storage.internals.log.ProducerStateManager)
[2025-10-31 20:43:47,760] INFO [ProducerStateManager partition=__consumer_offsets-29] Wrote producer snapshot at offset 14 with 0 producer ids in 23 ms. (org.apache.kafka.storage.internals.log.ProducerStateManager)
[2025-10-31 20:43:47,814] INFO [ProducerStateManager partition=__consumer_offsets-6] Wrote producer snapshot at offset 3 with 0 producer ids in 14 ms. (org.apache.kafka.storage.internals.log.ProducerStateManager)
[2025-10-31 20:43:47,839] INFO [ProducerStateManager partition=__consumer_offsets-35] Wrote producer snapshot at offset 3 with 0 producer ids in 6 ms. (org.apache.kafka.storage.internals.log.ProducerStateManager)
[2025-10-31 20:43:47,888] WARN Session 0x1000007dbad0000 for server localhost/[0:0:0:0:0:0:0:1]:2181, Closing socket connection. Attempting reconnect except it is a SessionExpiredException. (org.apache.zookeeper.ClientCnxn)
java.net.SocketException: Connection reset
	at java.base/sun.nio.ch.SocketChannelImpl.throwConnectionReset(SocketChannelImpl.java:401)
	at java.base/sun.nio.ch.SocketChannelImpl.read(SocketChannelImpl.java:434)
	at org.apache.zookeeper.ClientCnxnSocketNIO.doIO(ClientCnxnSocketNIO.java:74)
	at org.apache.zookeeper.ClientCnxnSocketNIO.doTransport(ClientCnxnSocketNIO.java:350)
	at org.apache.zookeeper.ClientCnxn$SendThread.run(ClientCnxn.java:1289)
[2025-10-31 20:43:47,922] INFO [ProducerStateManager partition=__consumer_offsets-26] Wrote producer snapshot at offset 3 with 0 producer ids in 15 ms. (org.apache.kafka.storage.internals.log.ProducerStateManager)
[2025-10-31 20:43:48,025] INFO [ProducerStateManager partition=__consumer_offsets-37] Wrote producer snapshot at offset 15 with 0 producer ids in 10 ms. (org.apache.kafka.storage.internals.log.ProducerStateManager)
[2025-10-31 20:43:48,176] INFO [ProducerStateManager partition=__consumer_offsets-2] Wrote producer snapshot at offset 3 with 0 producer ids in 10 ms. (org.apache.kafka.storage.internals.log.ProducerStateManager)
[2025-10-31 20:43:48,298] INFO [ProducerStateManager partition=_schemas-0] Wrote producer snapshot at offset 7 with 0 producer ids in 14 ms. (org.apache.kafka.storage.internals.log.ProducerStateManager)
[2025-10-31 20:43:48,432] INFO [ProducerStateManager partition=__consumer_offsets-48] Wrote producer snapshot at offset 68 with 0 producer ids in 13 ms. (org.apache.kafka.storage.internals.log.ProducerStateManager)
[2025-10-31 20:43:48,449] INFO [ProducerStateManager partition=__consumer_offsets-22] Wrote producer snapshot at offset 3 with 0 producer ids in 10 ms. (org.apache.kafka.storage.internals.log.ProducerStateManager)
[2025-10-31 20:43:48,483] INFO [ProducerStateManager partition=testtopic2-0] Wrote producer snapshot at offset 5 with 0 producer ids in 19 ms. (org.apache.kafka.storage.internals.log.ProducerStateManager)
[2025-10-31 20:43:48,582] INFO [ProducerStateManager partition=__consumer_offsets-5] Wrote producer snapshot at offset 33 with 0 producer ids in 18 ms. (org.apache.kafka.storage.internals.log.ProducerStateManager)
[2025-10-31 20:43:48,600] INFO [ProducerStateManager partition=__consumer_offsets-1] Wrote producer snapshot at offset 3 with 0 producer ids in 10 ms. (org.apache.kafka.storage.internals.log.ProducerStateManager)
[2025-10-31 20:43:48,653] INFO [ProducerStateManager partition=simpletopic-0] Wrote producer snapshot at offset 3 with 0 producer ids in 10 ms. (org.apache.kafka.storage.internals.log.ProducerStateManager)
[2025-10-31 20:43:48,803] INFO Shutdown complete. (kafka.log.LogManager)
[2025-10-31 20:43:48,822] INFO [feature-zk-node-event-process-thread]: Shutting down (kafka.server.FinalizedFeatureChangeListener$ChangeNotificationProcessorThread)
[2025-10-31 20:43:48,824] INFO [feature-zk-node-event-process-thread]: Stopped (kafka.server.FinalizedFeatureChangeListener$ChangeNotificationProcessorThread)
[2025-10-31 20:43:48,824] INFO [feature-zk-node-event-process-thread]: Shutdown completed (kafka.server.FinalizedFeatureChangeListener$ChangeNotificationProcessorThread)
[2025-10-31 20:43:48,826] INFO [ZooKeeperClient Kafka server] Closing. (kafka.zookeeper.ZooKeeperClient)
[2025-10-31 20:43:49,927] INFO Opening socket connection to server localhost/[0:0:0:0:0:0:0:1]:2181. (org.apache.zookeeper.ClientCnxn)
[2025-10-31 20:43:50,038] INFO Session: 0x1000007dbad0000 closed (org.apache.zookeeper.ZooKeeper)
[2025-10-31 20:43:50,040] INFO [ZooKeeperClient Kafka server] Closed. (kafka.zookeeper.ZooKeeperClient)
[2025-10-31 20:43:50,041] INFO [ThrottledChannelReaper-Fetch]: Shutting down (kafka.server.ClientQuotaManager$ThrottledChannelReaper)
[2025-10-31 20:43:50,042] INFO EventThread shut down for session: 0x1000007dbad0000 (org.apache.zookeeper.ClientCnxn)
[2025-10-31 20:43:50,044] INFO [ThrottledChannelReaper-Fetch]: Stopped (kafka.server.ClientQuotaManager$ThrottledChannelReaper)
[2025-10-31 20:43:50,044] INFO [ThrottledChannelReaper-Fetch]: Shutdown completed (kafka.server.ClientQuotaManager$ThrottledChannelReaper)
[2025-10-31 20:43:50,045] INFO [ThrottledChannelReaper-Produce]: Shutting down (kafka.server.ClientQuotaManager$ThrottledChannelReaper)
[2025-10-31 20:43:50,045] INFO [ThrottledChannelReaper-Produce]: Stopped (kafka.server.ClientQuotaManager$ThrottledChannelReaper)
[2025-10-31 20:43:50,045] INFO [ThrottledChannelReaper-Produce]: Shutdown completed (kafka.server.ClientQuotaManager$ThrottledChannelReaper)
[2025-10-31 20:43:50,045] INFO [ThrottledChannelReaper-Request]: Shutting down (kafka.server.ClientQuotaManager$ThrottledChannelReaper)
[2025-10-31 20:43:50,046] INFO [ThrottledChannelReaper-Request]: Stopped (kafka.server.ClientQuotaManager$ThrottledChannelReaper)
[2025-10-31 20:43:50,046] INFO [ThrottledChannelReaper-Request]: Shutdown completed (kafka.server.ClientQuotaManager$ThrottledChannelReaper)
[2025-10-31 20:43:50,046] INFO [ThrottledChannelReaper-ControllerMutation]: Shutting down (kafka.server.ClientQuotaManager$ThrottledChannelReaper)
[2025-10-31 20:43:50,046] INFO [ThrottledChannelReaper-ControllerMutation]: Stopped (kafka.server.ClientQuotaManager$ThrottledChannelReaper)
[2025-10-31 20:43:50,047] INFO [ThrottledChannelReaper-ControllerMutation]: Shutdown completed (kafka.server.ClientQuotaManager$ThrottledChannelReaper)
[2025-10-31 20:43:50,048] INFO [SocketServer listenerType=ZK_BROKER, nodeId=0] Shutting down socket server (kafka.network.SocketServer)
[2025-10-31 20:43:50,082] INFO [SocketServer listenerType=ZK_BROKER, nodeId=0] Shutdown completed (kafka.network.SocketServer)
[2025-10-31 20:43:50,084] INFO Metrics scheduler closed (org.apache.kafka.common.metrics.Metrics)
[2025-10-31 20:43:50,085] INFO Closing reporter org.apache.kafka.common.metrics.JmxReporter (org.apache.kafka.common.metrics.Metrics)
[2025-10-31 20:43:50,085] INFO Metrics reporters closed (org.apache.kafka.common.metrics.Metrics)
[2025-10-31 20:43:50,087] INFO Broker and topic stats closed (kafka.server.BrokerTopicStats)
[2025-10-31 20:43:50,089] INFO App info kafka.server for 0 unregistered (org.apache.kafka.common.utils.AppInfoParser)
[2025-10-31 20:43:50,089] INFO [KafkaServer id=0] shut down completed (kafka.server.KafkaServer)
